<?xml version="1.0" encoding="UTF-8"?>
<testsuites>
  <testsuite name="/var/www/learning/chuck-norris-jokes/phpunit.xml.dist" tests="2" assertions="2" errors="0" failures="0" skipped="0" time="0.135939">
    <testsuite name="Chuck Norris Suite" tests="2" assertions="2" errors="0" failures="0" skipped="0" time="0.135939">
      <testsuite name="Broswilli\ChuckNorrisJokes\Tests\JokeFactoryTest" file="/var/www/learning/chuck-norris-jokes/tests/JokeFactoryTest.php" tests="2" assertions="2" errors="0" failures="0" skipped="0" time="0.135939">
        <testcase name="test_it_returns_a_random_joke" file="/var/www/learning/chuck-norris-jokes/tests/JokeFactoryTest.php" line="11" class="Broswilli\ChuckNorrisJokes\Tests\JokeFactoryTest" classname="Broswilli.ChuckNorrisJokes.Tests.JokeFactoryTest" assertions="1" time="0.132490"/>
        <testcase name="test_it_returns_a_predefined_joke" file="/var/www/learning/chuck-norris-jokes/tests/JokeFactoryTest.php" line="20" class="Broswilli\ChuckNorrisJokes\Tests\JokeFactoryTest" classname="Broswilli.ChuckNorrisJokes.Tests.JokeFactoryTest" assertions="1" time="0.003448"/>
      </testsuite>
    </testsuite>
  </testsuite>
</testsuites>
